[theimaginaryones.art/index.html]
[backblue.gif]
[fade.gif]
[index.html]
[theimaginaryones.art/favicon.png]
[theimaginaryones.art/cdn.jsdelivr.net/npm/bootstrap@5.1.3/dist/css/bootstrap.min.css]
[theimaginaryones.art/cdnjs.cloudflare.com/ajax/libs/font-awesome/5.15.3/css/all.min.css]
[theimaginaryones.art/libs/aos/aos.min.css]
[theimaginaryones.art/css/style.css]
[theimaginaryones.art/index-2.html]
[theimaginaryones.art/img/share.jpg]
[theimaginaryones.art/img/logo.png]
[theimaginaryones.art/img/imaginary_ones.png]
[theimaginaryones.art/video_imaginary_ones.mp4]
[theimaginaryones.art/about.html]
[theimaginaryones.art/privacy_policy.html]
[theimaginaryones.art/cookies.html]
[theimaginaryones.art/cdnjs.cloudflare.com/ajax/libs/jquery/3.6.0/jquery.min.js]
[theimaginaryones.art/cdn.jsdelivr.net/npm/bootstrap@5.1.3/dist/js/bootstrap.bundle.min.js]
[theimaginaryones.art/libs/aos/aos.js]
[theimaginaryones.art/unpkg.com/@metamask/legacy-web3@2.0.0/dist/metamask.web3.min.js]
[theimaginaryones.art/js/moment.min.js]
[theimaginaryones.art/js/app.js]
[theimaginaryones.art/index.html]
[theimaginaryones.art/cdn.jsdelivr.net/npm/bootstrap@5.1.3/dist/css/bootstrap.min.css]
[theimaginaryones.art/cdnjs.cloudflare.com/ajax/libs/font-awesome/5.15.3/css/all.min.css]
[theimaginaryones.art/libs/aos/aos.min.css]
[theimaginaryones.art/traversymedia.com/downloads/cover.jpg]
[theimaginaryones.art/css/style.css]
[theimaginaryones.art/index-2.html]
[theimaginaryones.art/libs/animate/animate.min.html]
[theimaginaryones.art/about.html]
[theimaginaryones.art/js/toc.js]
[theimaginaryones.art/privacy_policy.html]
[theimaginaryones.art/cookies.html]
[code.jquery.com/jquery-3.3.1.min.js]
[theimaginaryones.art/libs/animate/animate.min.html]
[theimaginaryones.art/cgi-sys/js/simple-expand.min.html]
[theimaginaryones.art/cgi-sys/images/404top_w.html]
[theimaginaryones.art/cgi-sys/images/404mid.html]
[theimaginaryones.art/cgi-sys/images/404bottom.html]
[theimaginaryones.art/cgi-sys/images/x.html]
